Starting CAP Project Generator...
Using @sap/cds-dk [9.9.1] from /extbin/globals/bun/global/install/node_modules/@sap/cds-dk
Using @sap/generator-cap-project [2.0.6] from [/extbin/globals/bun/global/install/node_modules/@sap/generator-cap-project]
Using root path [/home/user/projects]

Creating project with application-logging, connectivity, destination, hana, html5-repo, mta, nodejs, xsuaa

Adding facet: nodejs
Adding facet: mta
Adding facet: xsuaa
Adding facet: hana
Adding facet: connectivity
Adding facet: destination
Adding facet: html5-repo
Adding facet: application-logging

Successfully initialized CAP project
Continue with: code ResilienceCockpit 


Installing dependencies...

added 261 packages, and audited 262 packages in 4s

40 packages are looking for funding
  run `npm fund` for details

found 0 vulnerabilities

Finished installing dependencies

Done setting up project ResilienceCockpit
Project is ready to use

